{
  "data": {
    "contentAtRoot": {
      "items": [
        {
          "url": "https://site-1.com/",
          "redirect": null,
          "statusCode": 200,
          "properties": {
            "__typename": "EmptyPropertyType"
          },
          "urlSegment": "site-1",
          "name": "Site 1",
          "id": 1146,
          "key": "eadd5be4-456c-4a7d-8c4a-2f7ead9c8ecf",
          "templateId": null,
          "parent": null,
          "__typename": "ContentItem"
        },
        {
          "url": "https://site-1.com/no-domain-site/",
          "redirect": null,
          "statusCode": 200,
          "properties": {
            "__typename": "EmptyPropertyType"
          },
          "urlSegment": "no-domain-site",
          "name": "No domain site",
          "id": 1147,
          "key": "cb9726b8-2307-4a01-9b39-7c2850c4d19a",
          "templateId": null,
          "parent": null,
          "__typename": "ContentItem"
        },
        {
          "url": "https://site-2.com/",
          "redirect": null,
          "statusCode": 200,
          "properties": {
            "__typename": "EmptyPropertyType"
          },
          "urlSegment": "site-2",
          "name": "Site 2",
          "id": 1148,
          "key": "dcf14fa0-dfc3-4108-8c9b-a4e9f77c0c29",
          "templateId": null,
          "parent": null,
          "__typename": "ContentItem"
        },
        {
          "url": "https://site-3.com/",
          "redirect": null,
          "statusCode": 200,
          "properties": {
            "__typename": "EmptyPropertyType"
          },
          "urlSegment": "site-with-unpublished-pages",
          "name": "Site with unpublished pages",
          "id": 1150,
          "key": "805a5fe7-d8ff-472d-9dd4-b73e48a6d15b",
          "templateId": null,
          "parent": null,
          "__typename": "ContentItem"
        },
        {
          "url": "https://site-culture.com/",
          "redirect": null,
          "statusCode": 200,
          "properties": {
            "textstring": {
              "value": "uncultured string",
              "model": "DefaultProperty",
              "__typename": "DefaultProperty"
            },
            "textstringCulture": {
              "value": "en-us value",
              "model": "DefaultProperty",
              "__typename": "DefaultProperty"
            },
            "__typename": "SiteWithCulture"
          },
          "urlSegment": "site-with-culture",
          "name": "Site with culture",
          "id": 1151,
          "key": "d0351e46-e0bf-4eaa-ad2b-57a45451097e",
          "templateId": null,
          "parent": null,
          "__typename": "ContentItem"
        },
        {
          "url": "https://site-1.com/home-4a038986-adf1-48c5-aba0-c10c13c1b4d1/",
          "redirect": null,
          "statusCode": 200,
          "properties": {
            "__typename": "EmptyPropertyType"
          },
          "urlSegment": "home-4a038986-adf1-48c5-aba0-c10c13c1b4d1",
          "name": "Home-4a038986-adf1-48c5-aba0-c10c13c1b4d1",
          "id": 1184,
          "key": "fb6ba757-b9b9-4c9c-ade2-1efe9f03e928",
          "templateId": null,
          "parent": null,
          "__typename": "ContentItem"
        },
        {
          "url": "https://site-culture-2.com/",
          "redirect": null,
          "statusCode": 200,
          "properties": {
            "textstring": {
              "value": "",
              "model": "DefaultProperty",
              "__typename": "DefaultProperty"
            },
            "textstringCulture": {
              "value": "",
              "model": "DefaultProperty",
              "__typename": "DefaultProperty"
            },
            "__typename": "SiteWithCulture"
          },
          "urlSegment": "site-with-culture-2",
          "name": "site with culture 2",
          "id": 1185,
          "key": "244dbd30-29fa-45de-ab85-99d84306e7c9",
          "templateId": null,
          "parent": null,
          "__typename": "ContentItem"
        }
      ],
      "page": 1,
      "pageSize": 1000,
      "totalItems": 7,
      "hasNextPage": false
    }
  }
}