{
  "data": {
    "mediaByContentType": {
      "items": [
        {
          "url": "http://localhost/media/oeklujof/skaermbillede-2023-04-17-kl-201527.png",
          "properties": {
            "__typename": "Image"
          },
          "urlSegment": null,
          "name": "Sk\u00E6rmbillede 2023 04 17 Kl. 20.15.27",
          "id": 1138,
          "key": "25ba1577-a0c5-4329-8f32-9e9abe4a6d2d",
          "templateId": null,
          "parent": null,
          "__typename": "MediaItem"
        },
        {
          "url": "http://localhost/media/eb3ogqdq/skaermbillede-2023-04-17-kl-201540.png",
          "properties": {
            "__typename": "Image"
          },
          "urlSegment": null,
          "name": "Sk\u00E6rmbillede 2023 04 17 Kl. 20.15.40",
          "id": 1139,
          "key": "40e37a26-8570-47dd-b30a-a1bd391f603b",
          "templateId": null,
          "parent": null,
          "__typename": "MediaItem"
        },
        {
          "url": "http://localhost/media/z4bdynec/skaermbillede-2023-04-17-kl-201551.png",
          "properties": {
            "__typename": "Image"
          },
          "urlSegment": null,
          "name": "Sk\u00E6rmbillede 2023 04 17 Kl. 20.15.51",
          "id": 1140,
          "key": "343c83c9-1782-4db5-8e13-cdcddf7ab772",
          "templateId": null,
          "parent": null,
          "__typename": "MediaItem"
        },
        {
          "url": "http://localhost/media/gy0bdnwp/skaermbillede-2023-04-17-kl-201618.png",
          "properties": {
            "__typename": "Image"
          },
          "urlSegment": null,
          "name": "Sk\u00E6rmbillede 2023 04 17 Kl. 20.16.18",
          "id": 1144,
          "key": "b6113530-0ccf-4006-88d4-3dcd31c8297e",
          "templateId": null,
          "parent": {
            "url": "",
            "properties": {
              "__typename": "EmptyPropertyType"
            },
            "urlSegment": null,
            "name": "My media",
            "id": 1141,
            "key": "01164aab-e1f7-4628-9e20-870b49951482",
            "templateId": null
          },
          "__typename": "MediaItem"
        },
        {
          "url": "http://localhost/media/1t2jp2ry/skaermbillede-2023-04-17-kl-201618.png",
          "properties": {
            "__typename": "Image"
          },
          "urlSegment": null,
          "name": "Sk\u00E6rmbillede 2023 04 17 Kl. 20.16.18 (1)",
          "id": 1145,
          "key": "f297f8da-2938-4e5c-a08b-3a7c83c5cf5d",
          "templateId": null,
          "parent": {
            "url": "",
            "properties": {
              "__typename": "EmptyPropertyType"
            },
            "urlSegment": null,
            "name": "My media",
            "id": 1141,
            "key": "01164aab-e1f7-4628-9e20-870b49951482",
            "templateId": null
          },
          "__typename": "MediaItem"
        }
      ],
      "page": 1,
      "pageSize": 5,
      "totalItems": 5,
      "hasNextPage": false
    }
  }
}