{
  "data": {
    "mediaByContentType": {
      "items": [
        {
          "url": "",
          "properties": {
            "eyeDropperColorPicker": {
              "value": "#a94444",
              "model": "DefaultProperty",
              "__typename": "DefaultProperty"
            },
            "article": {
              "value": "",
              "model": "DefaultProperty",
              "__typename": "DefaultProperty"
            },
            "audio": {
              "value": "",
              "model": "DefaultProperty",
              "__typename": "DefaultProperty"
            },
            "file": {
              "value": "",
              "model": "DefaultProperty",
              "__typename": "DefaultProperty"
            },
            "video": {
              "value": "",
              "model": "DefaultProperty",
              "__typename": "DefaultProperty"
            },
            "imageCropper": {
              "value": null,
              "model": "DefaultProperty",
              "__typename": "DefaultProperty"
            },
            "imageMediaPicker": {
              "mediaItems": [
                {
                  "url": "http://localhost/media/oeklujof/skaermbillede-2023-04-17-kl-201527.png",
                  "properties": {
                    "umbracoWidth": {
                      "value": 0,
                      "model": "Label",
                      "__typename": "Label"
                    },
                    "umbracoHeight": {
                      "value": 0,
                      "model": "Label",
                      "__typename": "Label"
                    },
                    "umbracoBytes": {
                      "value": 0,
                      "model": "Label",
                      "__typename": "Label"
                    },
                    "umbracoExtension": {
                      "value": "",
                      "model": "Label",
                      "__typename": "Label"
                    },
                    "__typename": "Image"
                  },
                  "urlSegment": null,
                  "name": "Sk\u00E6rmbillede 2023 04 17 Kl. 20.15.27",
                  "id": 1138,
                  "key": "25ba1577-a0c5-4329-8f32-9e9abe4a6d2d",
                  "__typename": "MediaPickerItem"
                }
              ],
              "model": "MediaPicker",
              "__typename": "MediaPicker"
            },
            "blockList": {
              "blocks": [],
              "model": "BlockList",
              "__typename": "BlockList"
            },
            "memberGroupPicker": {
              "value": "",
              "model": "DefaultProperty",
              "__typename": "DefaultProperty"
            },
            "memberPicker": {
              "members": [],
              "model": "MemberPicker",
              "__typename": "MemberPicker"
            },
            "multinodeTreepicker": {
              "items": [
                {
                  "url": "http://site-2.com/",
                  "properties": {
                    "__typename": "EmptyPropertyType"
                  },
                  "urlSegment": "site-2",
                  "name": "Site 2",
                  "id": 1148,
                  "key": "dcf14fa0-dfc3-4108-8c9b-a4e9f77c0c29",
                  "__typename": "ContentPickerItem"
                },
                {
                  "url": "http://localhost/no-domain-site/",
                  "properties": {
                    "__typename": "EmptyPropertyType"
                  },
                  "urlSegment": "no-domain-site",
                  "name": "No domain site",
                  "id": 1147,
                  "key": "cb9726b8-2307-4a01-9b39-7c2850c4d19a",
                  "__typename": "ContentPickerItem"
                },
                {
                  "url": "http://site-1.com/",
                  "properties": {
                    "__typename": "EmptyPropertyType"
                  },
                  "urlSegment": "site-1",
                  "name": "Site 1",
                  "id": 1146,
                  "key": "eadd5be4-456c-4a7d-8c4a-2f7ead9c8ecf",
                  "__typename": "ContentPickerItem"
                }
              ],
              "model": "ContentPicker",
              "__typename": "ContentPicker"
            },
            "multiUrlPicker": {
              "links": [
                {
                  "url": "http://site-2.com/",
                  "properties": {
                    "__typename": "EmptyPropertyType"
                  },
                  "urlSegment": "site-2",
                  "target": null,
                  "type": "CONTENT",
                  "name": "Site 2",
                  "id": 1148,
                  "key": "dcf14fa0-dfc3-4108-8c9b-a4e9f77c0c29",
                  "__typename": "MultiUrlPickerItem"
                },
                {
                  "url": "http://site-3.com/",
                  "properties": {
                    "__typename": "EmptyPropertyType"
                  },
                  "urlSegment": "site-with-unpublished-pages",
                  "target": null,
                  "type": "CONTENT",
                  "name": "Site with unpublished pages",
                  "id": 1150,
                  "key": "805a5fe7-d8ff-472d-9dd4-b73e48a6d15b",
                  "__typename": "MultiUrlPickerItem"
                }
              ],
              "model": "MultiUrlPicker",
              "__typename": "MultiUrlPicker"
            },
            "numeric": {
              "value": 12452,
              "model": "DefaultProperty",
              "__typename": "DefaultProperty"
            },
            "radiobox": {
              "value": "2",
              "model": "DefaultProperty",
              "__typename": "DefaultProperty"
            },
            "checkboxList": {
              "value": [
                "2"
              ],
              "model": "DefaultProperty",
              "__typename": "DefaultProperty"
            },
            "slider": {
              "value": 1,
              "model": "DefaultProperty",
              "__typename": "DefaultProperty"
            },
            "tags": {
              "value": [
                "tag1",
                "normal",
                "what"
              ],
              "model": "DefaultProperty",
              "__typename": "DefaultProperty"
            },
            "textarea": {
              "value": "dasgadg",
              "model": "DefaultProperty",
              "__typename": "DefaultProperty"
            },
            "textstring": {
              "value": "fasfa",
              "model": "DefaultProperty",
              "__typename": "DefaultProperty"
            },
            "userPicker": {
              "value": -1,
              "model": "DefaultProperty",
              "__typename": "DefaultProperty"
            },
            "contentPicker": {
              "items": [
                {
                  "url": "http://site-1.com/",
                  "properties": {
                    "__typename": "EmptyPropertyType"
                  },
                  "urlSegment": "site-1",
                  "name": "Site 1",
                  "id": 1146,
                  "key": "eadd5be4-456c-4a7d-8c4a-2f7ead9c8ecf",
                  "__typename": "ContentPickerItem"
                }
              ],
              "model": "ContentPicker",
              "__typename": "ContentPicker"
            },
            "datePickerWithTime": {
              "value": "2023-04-25T12:00:00Z",
              "model": "DateTimePicker",
              "__typename": "DateTimePicker"
            },
            "decimal": {
              "value": 123.12,
              "model": "DefaultProperty",
              "__typename": "DefaultProperty"
            },
            "emailAddress": {
              "value": "mail@mail.com",
              "model": "DefaultProperty",
              "__typename": "DefaultProperty"
            },
            "__typename": "CustomMediaType"
          },
          "urlSegment": null,
          "name": "Media custom",
          "id": 1143,
          "key": "d6355171-2e04-4b73-b11b-01f408ec242a",
          "templateId": null,
          "parent": null,
          "__typename": "MediaItem"
        }
      ],
      "page": 1,
      "pageSize": 10,
      "totalItems": 1,
      "hasNextPage": false
    }
  }
}