{
  "data": {
    "contentByTag": {
      "items": [
        {
          "url": "https://site-culture.com/filledpage/",
          "redirect": null,
          "statusCode": 200,
          "properties": {
            "eyeDropperColorPicker": {
              "value": "",
              "model": "DefaultProperty",
              "__typename": "DefaultProperty"
            },
            "eyeDropperColorPickerCulture": {
              "value": "#624343",
              "model": "DefaultProperty",
              "__typename": "DefaultProperty"
            },
            "article": {
              "value": "",
              "model": "DefaultProperty",
              "__typename": "DefaultProperty"
            },
            "audio": {
              "value": "",
              "model": "DefaultProperty",
              "__typename": "DefaultProperty"
            },
            "file": {
              "value": "",
              "model": "DefaultProperty",
              "__typename": "DefaultProperty"
            },
            "svg": {
              "value": "",
              "model": "DefaultProperty",
              "__typename": "DefaultProperty"
            },
            "video": {
              "value": "",
              "model": "DefaultProperty",
              "__typename": "DefaultProperty"
            },
            "articleCulture": {
              "value": "",
              "model": "DefaultProperty",
              "__typename": "DefaultProperty"
            },
            "audioCulture": {
              "value": "",
              "model": "DefaultProperty",
              "__typename": "DefaultProperty"
            },
            "fileCulture": {
              "value": "",
              "model": "DefaultProperty",
              "__typename": "DefaultProperty"
            },
            "svgCulture": {
              "value": "",
              "model": "DefaultProperty",
              "__typename": "DefaultProperty"
            },
            "videoCulture": {
              "value": "",
              "model": "DefaultProperty",
              "__typename": "DefaultProperty"
            },
            "imageCropper": {
              "value": null,
              "model": "DefaultProperty",
              "__typename": "DefaultProperty"
            },
            "imageCropperCulture": {
              "value": null,
              "model": "DefaultProperty",
              "__typename": "DefaultProperty"
            },
            "markdown": {
              "value": "",
              "sourceValue": null,
              "model": "RichText",
              "__typename": "RichText"
            },
            "markdownCulture": {
              "value": "\u003Cp\u003Efajfasofnjkas njkasdjbaskf\u003C/p\u003E\n",
              "sourceValue": "fajfasofnjkas njkasdjbaskf",
              "model": "RichText",
              "__typename": "RichText"
            },
            "imageMediaPicker": {
              "mediaItems": [],
              "model": "MediaPicker",
              "__typename": "MediaPicker"
            },
            "mediaPicker": {
              "mediaItems": [],
              "model": "MediaPicker",
              "__typename": "MediaPicker"
            },
            "multipleImageMediaPicker": {
              "mediaItems": [],
              "model": "MediaPicker",
              "__typename": "MediaPicker"
            },
            "multipleMediaPicker": {
              "mediaItems": [],
              "model": "MediaPicker",
              "__typename": "MediaPicker"
            },
            "imageMediaPickerCulture": {
              "mediaItems": [
                {
                  "url": "http://localhost/media/eb3ogqdq/skaermbillede-2023-04-17-kl-201540.png",
                  "properties": {
                    "umbracoWidth": {
                      "value": 0,
                      "model": "Label",
                      "__typename": "Label"
                    },
                    "umbracoHeight": {
                      "value": 0,
                      "model": "Label",
                      "__typename": "Label"
                    },
                    "umbracoBytes": {
                      "value": 0,
                      "model": "Label",
                      "__typename": "Label"
                    },
                    "umbracoExtension": {
                      "value": "",
                      "model": "Label",
                      "__typename": "Label"
                    },
                    "__typename": "Image"
                  },
                  "urlSegment": null,
                  "name": "Sk\u00E6rmbillede 2023 04 17 Kl. 20.15.40",
                  "id": 1139,
                  "key": "40e37a26-8570-47dd-b30a-a1bd391f603b",
                  "__typename": "MediaPickerItem"
                }
              ],
              "model": "MediaPicker",
              "__typename": "MediaPicker"
            },
            "mediaPickerCulture": {
              "mediaItems": [
                {
                  "url": "http://localhost/media/1t2jp2ry/skaermbillede-2023-04-17-kl-201618.png",
                  "properties": {
                    "umbracoWidth": {
                      "value": 0,
                      "model": "Label",
                      "__typename": "Label"
                    },
                    "umbracoHeight": {
                      "value": 0,
                      "model": "Label",
                      "__typename": "Label"
                    },
                    "umbracoBytes": {
                      "value": 0,
                      "model": "Label",
                      "__typename": "Label"
                    },
                    "umbracoExtension": {
                      "value": "",
                      "model": "Label",
                      "__typename": "Label"
                    },
                    "__typename": "Image"
                  },
                  "urlSegment": null,
                  "name": "Sk\u00E6rmbillede 2023 04 17 Kl. 20.16.18 (1)",
                  "id": 1145,
                  "key": "f297f8da-2938-4e5c-a08b-3a7c83c5cf5d",
                  "__typename": "MediaPickerItem"
                }
              ],
              "model": "MediaPicker",
              "__typename": "MediaPicker"
            },
            "multipleImageMediaPickerCulture": {
              "mediaItems": [
                {
                  "url": "http://localhost/media/oeklujof/skaermbillede-2023-04-17-kl-201527.png",
                  "properties": {
                    "umbracoWidth": {
                      "value": 0,
                      "model": "Label",
                      "__typename": "Label"
                    },
                    "umbracoHeight": {
                      "value": 0,
                      "model": "Label",
                      "__typename": "Label"
                    },
                    "umbracoBytes": {
                      "value": 0,
                      "model": "Label",
                      "__typename": "Label"
                    },
                    "umbracoExtension": {
                      "value": "",
                      "model": "Label",
                      "__typename": "Label"
                    },
                    "__typename": "Image"
                  },
                  "urlSegment": null,
                  "name": "Sk\u00E6rmbillede 2023 04 17 Kl. 20.15.27",
                  "id": 1138,
                  "key": "25ba1577-a0c5-4329-8f32-9e9abe4a6d2d",
                  "__typename": "MediaPickerItem"
                },
                {
                  "url": "http://localhost/media/eb3ogqdq/skaermbillede-2023-04-17-kl-201540.png",
                  "properties": {
                    "umbracoWidth": {
                      "value": 0,
                      "model": "Label",
                      "__typename": "Label"
                    },
                    "umbracoHeight": {
                      "value": 0,
                      "model": "Label",
                      "__typename": "Label"
                    },
                    "umbracoBytes": {
                      "value": 0,
                      "model": "Label",
                      "__typename": "Label"
                    },
                    "umbracoExtension": {
                      "value": "",
                      "model": "Label",
                      "__typename": "Label"
                    },
                    "__typename": "Image"
                  },
                  "urlSegment": null,
                  "name": "Sk\u00E6rmbillede 2023 04 17 Kl. 20.15.40",
                  "id": 1139,
                  "key": "40e37a26-8570-47dd-b30a-a1bd391f603b",
                  "__typename": "MediaPickerItem"
                }
              ],
              "model": "MediaPicker",
              "__typename": "MediaPicker"
            },
            "multipleMediaPickerCulture": {
              "mediaItems": [
                {
                  "url": "http://localhost/media/oeklujof/skaermbillede-2023-04-17-kl-201527.png",
                  "properties": {
                    "umbracoWidth": {
                      "value": 0,
                      "model": "Label",
                      "__typename": "Label"
                    },
                    "umbracoHeight": {
                      "value": 0,
                      "model": "Label",
                      "__typename": "Label"
                    },
                    "umbracoBytes": {
                      "value": 0,
                      "model": "Label",
                      "__typename": "Label"
                    },
                    "umbracoExtension": {
                      "value": "",
                      "model": "Label",
                      "__typename": "Label"
                    },
                    "__typename": "Image"
                  },
                  "urlSegment": null,
                  "name": "Sk\u00E6rmbillede 2023 04 17 Kl. 20.15.27",
                  "id": 1138,
                  "key": "25ba1577-a0c5-4329-8f32-9e9abe4a6d2d",
                  "__typename": "MediaPickerItem"
                },
                {
                  "url": "http://localhost/media/eb3ogqdq/skaermbillede-2023-04-17-kl-201540.png",
                  "properties": {
                    "umbracoWidth": {
                      "value": 0,
                      "model": "Label",
                      "__typename": "Label"
                    },
                    "umbracoHeight": {
                      "value": 0,
                      "model": "Label",
                      "__typename": "Label"
                    },
                    "umbracoBytes": {
                      "value": 0,
                      "model": "Label",
                      "__typename": "Label"
                    },
                    "umbracoExtension": {
                      "value": "",
                      "model": "Label",
                      "__typename": "Label"
                    },
                    "__typename": "Image"
                  },
                  "urlSegment": null,
                  "name": "Sk\u00E6rmbillede 2023 04 17 Kl. 20.15.40",
                  "id": 1139,
                  "key": "40e37a26-8570-47dd-b30a-a1bd391f603b",
                  "__typename": "MediaPickerItem"
                }
              ],
              "model": "MediaPicker",
              "__typename": "MediaPicker"
            },
            "blockList": {
              "blocks": [],
              "model": "BlockList",
              "__typename": "BlockList"
            },
            "blockListCulture": {
              "blocks": [
                {
                  "contentAlias": "checkboxListEditor",
                  "settingsAlias": null,
                  "contentProperties": {
                    "checkboxList": {
                      "value": [
                        "3"
                      ],
                      "model": "DefaultProperty",
                      "__typename": "DefaultProperty"
                    },
                    "__typename": "CheckboxListEditor"
                  },
                  "settingsProperties": {
                    "__typename": "EmptyPropertyType"
                  },
                  "__typename": "BlockListItem"
                },
                {
                  "contentAlias": "colorPickerEditor",
                  "settingsAlias": null,
                  "contentProperties": {
                    "colorPicker": {
                      "value": {
                        "value": "f44336",
                        "label": "f44336"
                      },
                      "model": "DefaultProperty",
                      "__typename": "DefaultProperty"
                    },
                    "__typename": "ColorPickerEditor"
                  },
                  "settingsProperties": {
                    "__typename": "EmptyPropertyType"
                  },
                  "__typename": "BlockListItem"
                }
              ],
              "model": "BlockList",
              "__typename": "BlockList"
            },
            "memberGroupPicker": {
              "value": "",
              "model": "DefaultProperty",
              "__typename": "DefaultProperty"
            },
            "memberGroupPickerCulture": {
              "value": "",
              "model": "DefaultProperty",
              "__typename": "DefaultProperty"
            },
            "memberPicker": {
              "members": [],
              "model": "MemberPicker",
              "__typename": "MemberPicker"
            },
            "memberPickerCulture": {
              "members": [],
              "model": "MemberPicker",
              "__typename": "MemberPicker"
            },
            "multinodeTreepicker": {
              "items": [],
              "model": "ContentPicker",
              "__typename": "ContentPicker"
            },
            "multinodeTreepickerCulture": {
              "items": [],
              "model": "ContentPicker",
              "__typename": "ContentPicker"
            },
            "multiUrlPicker": {
              "links": [],
              "model": "MultiUrlPicker",
              "__typename": "MultiUrlPicker"
            },
            "multiUrlPickerCulture": {
              "links": [],
              "model": "MultiUrlPicker",
              "__typename": "MultiUrlPicker"
            },
            "numeric": {
              "value": 0,
              "model": "DefaultProperty",
              "__typename": "DefaultProperty"
            },
            "numericCulture": {
              "value": 0,
              "model": "DefaultProperty",
              "__typename": "DefaultProperty"
            },
            "radiobox": {
              "value": null,
              "model": "DefaultProperty",
              "__typename": "DefaultProperty"
            },
            "radioboxCulture": {
              "value": "2",
              "model": "DefaultProperty",
              "__typename": "DefaultProperty"
            },
            "checkboxList": {
              "value": [],
              "model": "DefaultProperty",
              "__typename": "DefaultProperty"
            },
            "checkboxListCulture": {
              "value": [
                "2"
              ],
              "model": "DefaultProperty",
              "__typename": "DefaultProperty"
            },
            "repeatableTextstrings": {
              "value": [],
              "model": "DefaultProperty",
              "__typename": "DefaultProperty"
            },
            "repeatableTextstringsCulture": {
              "value": [],
              "model": "DefaultProperty",
              "__typename": "DefaultProperty"
            },
            "richtext": {
              "value": "",
              "sourceValue": null,
              "model": "RichText",
              "__typename": "RichText"
            },
            "richtextCulture": {
              "value": "\\u003Cp\\u003Efasjfakjsdk\\u003C/p\\u003E",
              "sourceValue": "\\u003Cp\\u003Efasjfakjsdk\\u003C/p\\u003E",
              "model": "RichText",
              "__typename": "RichText"
            },
            "slider": {
              "value": 0,
              "model": "DefaultProperty",
              "__typename": "DefaultProperty"
            },
            "sliderCulture": {
              "value": 1,
              "model": "DefaultProperty",
              "__typename": "DefaultProperty"
            },
            "tags": {
              "value": [],
              "model": "DefaultProperty",
              "__typename": "DefaultProperty"
            },
            "tagsCulture": {
              "value": [
                "normal"
              ],
              "model": "DefaultProperty",
              "__typename": "DefaultProperty"
            },
            "textarea": {
              "value": "",
              "model": "DefaultProperty",
              "__typename": "DefaultProperty"
            },
            "textareaCulture": {
              "value": "asjkfklasl",
              "model": "DefaultProperty",
              "__typename": "DefaultProperty"
            },
            "textstring": {
              "value": "",
              "model": "DefaultProperty",
              "__typename": "DefaultProperty"
            },
            "textstringCulture": {
              "value": "en-us",
              "model": "DefaultProperty",
              "__typename": "DefaultProperty"
            },
            "trueOrFalse": {
              "value": false,
              "model": "DefaultProperty",
              "__typename": "DefaultProperty"
            },
            "trueOrFalseCulture": {
              "value": true,
              "model": "DefaultProperty",
              "__typename": "DefaultProperty"
            },
            "userPicker": {
              "value": 0,
              "model": "DefaultProperty",
              "__typename": "DefaultProperty"
            },
            "userPickerCulture": {
              "value": -1,
              "model": "DefaultProperty",
              "__typename": "DefaultProperty"
            },
            "colorPicker": {
              "value": null,
              "model": "DefaultProperty",
              "__typename": "DefaultProperty"
            },
            "colorPickerCulture": {
              "value": {
                "value": "f44336",
                "label": "f44336"
              },
              "model": "DefaultProperty",
              "__typename": "DefaultProperty"
            },
            "contentPicker": {
              "items": [],
              "model": "ContentPicker",
              "__typename": "ContentPicker"
            },
            "contentPickerCulture": {
              "items": [
                {
                  "url": "http://site-culture.com/",
                  "properties": {
                    "textstring": {
                      "value": "uncultured string",
                      "model": "DefaultProperty",
                      "__typename": "DefaultProperty"
                    },
                    "textstringCulture": {
                      "value": "en-us value",
                      "model": "DefaultProperty",
                      "__typename": "DefaultProperty"
                    },
                    "__typename": "SiteWithCulture"
                  },
                  "urlSegment": "site-with-culture",
                  "name": "Site with culture",
                  "id": 1151,
                  "key": "d0351e46-e0bf-4eaa-ad2b-57a45451097e",
                  "__typename": "ContentPickerItem"
                }
              ],
              "model": "ContentPicker",
              "__typename": "ContentPicker"
            },
            "decimal": {
              "value": 0,
              "model": "DefaultProperty",
              "__typename": "DefaultProperty"
            },
            "decimalCulture": {
              "value": 56,
              "model": "DefaultProperty",
              "__typename": "DefaultProperty"
            },
            "dropdown": {
              "value": "",
              "model": "DefaultProperty",
              "__typename": "DefaultProperty"
            },
            "dropdownCulture": {
              "value": "Andy",
              "model": "DefaultProperty",
              "__typename": "DefaultProperty"
            },
            "emailAddress": {
              "value": "",
              "model": "DefaultProperty",
              "__typename": "DefaultProperty"
            },
            "emailAddressCulture": {
              "value": "mail@mail.com",
              "model": "DefaultProperty",
              "__typename": "DefaultProperty"
            },
            "__typename": "DefaultCulture"
          },
          "urlSegment": "filledpage",
          "name": "FilledPage",
          "id": 1166,
          "key": "118fde67-8217-4c26-9234-4054cc2b1396",
          "templateId": null,
          "parent": {
            "url": "https://site-culture.com/",
            "properties": {
              "textstring": {
                "value": "uncultured string",
                "model": "DefaultProperty",
                "__typename": "DefaultProperty"
              },
              "textstringCulture": {
                "value": "en-us value",
                "model": "DefaultProperty",
                "__typename": "DefaultProperty"
              },
              "__typename": "SiteWithCulture"
            },
            "urlSegment": "site-with-culture",
            "name": "Site with culture",
            "id": 1151,
            "key": "d0351e46-e0bf-4eaa-ad2b-57a45451097e",
            "templateId": null
          },
          "__typename": "ContentItem"
        },
        {
          "url": "https://site-culture.com/filledpage-3/",
          "redirect": null,
          "statusCode": 200,
          "properties": {
            "eyeDropperColorPicker": {
              "value": "",
              "model": "DefaultProperty",
              "__typename": "DefaultProperty"
            },
            "eyeDropperColorPickerCulture": {
              "value": "#624343",
              "model": "DefaultProperty",
              "__typename": "DefaultProperty"
            },
            "article": {
              "value": "",
              "model": "DefaultProperty",
              "__typename": "DefaultProperty"
            },
            "audio": {
              "value": "",
              "model": "DefaultProperty",
              "__typename": "DefaultProperty"
            },
            "file": {
              "value": "",
              "model": "DefaultProperty",
              "__typename": "DefaultProperty"
            },
            "svg": {
              "value": "",
              "model": "DefaultProperty",
              "__typename": "DefaultProperty"
            },
            "video": {
              "value": "",
              "model": "DefaultProperty",
              "__typename": "DefaultProperty"
            },
            "articleCulture": {
              "value": "",
              "model": "DefaultProperty",
              "__typename": "DefaultProperty"
            },
            "audioCulture": {
              "value": "",
              "model": "DefaultProperty",
              "__typename": "DefaultProperty"
            },
            "fileCulture": {
              "value": "",
              "model": "DefaultProperty",
              "__typename": "DefaultProperty"
            },
            "svgCulture": {
              "value": "",
              "model": "DefaultProperty",
              "__typename": "DefaultProperty"
            },
            "videoCulture": {
              "value": "",
              "model": "DefaultProperty",
              "__typename": "DefaultProperty"
            },
            "imageCropper": {
              "value": null,
              "model": "DefaultProperty",
              "__typename": "DefaultProperty"
            },
            "imageCropperCulture": {
              "value": null,
              "model": "DefaultProperty",
              "__typename": "DefaultProperty"
            },
            "markdown": {
              "value": "",
              "sourceValue": null,
              "model": "RichText",
              "__typename": "RichText"
            },
            "markdownCulture": {
              "value": "\u003Cp\u003Efajfasofnjkas njkasdjbaskf\u003C/p\u003E\n",
              "sourceValue": "fajfasofnjkas njkasdjbaskf",
              "model": "RichText",
              "__typename": "RichText"
            },
            "imageMediaPicker": {
              "mediaItems": [],
              "model": "MediaPicker",
              "__typename": "MediaPicker"
            },
            "mediaPicker": {
              "mediaItems": [],
              "model": "MediaPicker",
              "__typename": "MediaPicker"
            },
            "multipleImageMediaPicker": {
              "mediaItems": [],
              "model": "MediaPicker",
              "__typename": "MediaPicker"
            },
            "multipleMediaPicker": {
              "mediaItems": [],
              "model": "MediaPicker",
              "__typename": "MediaPicker"
            },
            "imageMediaPickerCulture": {
              "mediaItems": [
                {
                  "url": "http://localhost/media/eb3ogqdq/skaermbillede-2023-04-17-kl-201540.png",
                  "properties": {
                    "umbracoWidth": {
                      "value": 0,
                      "model": "Label",
                      "__typename": "Label"
                    },
                    "umbracoHeight": {
                      "value": 0,
                      "model": "Label",
                      "__typename": "Label"
                    },
                    "umbracoBytes": {
                      "value": 0,
                      "model": "Label",
                      "__typename": "Label"
                    },
                    "umbracoExtension": {
                      "value": "",
                      "model": "Label",
                      "__typename": "Label"
                    },
                    "__typename": "Image"
                  },
                  "urlSegment": null,
                  "name": "Sk\u00E6rmbillede 2023 04 17 Kl. 20.15.40",
                  "id": 1139,
                  "key": "40e37a26-8570-47dd-b30a-a1bd391f603b",
                  "__typename": "MediaPickerItem"
                }
              ],
              "model": "MediaPicker",
              "__typename": "MediaPicker"
            },
            "mediaPickerCulture": {
              "mediaItems": [
                {
                  "url": "http://localhost/media/gy0bdnwp/skaermbillede-2023-04-17-kl-201618.png",
                  "properties": {
                    "umbracoWidth": {
                      "value": 0,
                      "model": "Label",
                      "__typename": "Label"
                    },
                    "umbracoHeight": {
                      "value": 0,
                      "model": "Label",
                      "__typename": "Label"
                    },
                    "umbracoBytes": {
                      "value": 0,
                      "model": "Label",
                      "__typename": "Label"
                    },
                    "umbracoExtension": {
                      "value": "",
                      "model": "Label",
                      "__typename": "Label"
                    },
                    "__typename": "Image"
                  },
                  "urlSegment": null,
                  "name": "Sk\u00E6rmbillede 2023 04 17 Kl. 20.16.18",
                  "id": 1144,
                  "key": "b6113530-0ccf-4006-88d4-3dcd31c8297e",
                  "__typename": "MediaPickerItem"
                }
              ],
              "model": "MediaPicker",
              "__typename": "MediaPicker"
            },
            "multipleImageMediaPickerCulture": {
              "mediaItems": [
                {
                  "url": "http://localhost/media/oeklujof/skaermbillede-2023-04-17-kl-201527.png",
                  "properties": {
                    "umbracoWidth": {
                      "value": 0,
                      "model": "Label",
                      "__typename": "Label"
                    },
                    "umbracoHeight": {
                      "value": 0,
                      "model": "Label",
                      "__typename": "Label"
                    },
                    "umbracoBytes": {
                      "value": 0,
                      "model": "Label",
                      "__typename": "Label"
                    },
                    "umbracoExtension": {
                      "value": "",
                      "model": "Label",
                      "__typename": "Label"
                    },
                    "__typename": "Image"
                  },
                  "urlSegment": null,
                  "name": "Sk\u00E6rmbillede 2023 04 17 Kl. 20.15.27",
                  "id": 1138,
                  "key": "25ba1577-a0c5-4329-8f32-9e9abe4a6d2d",
                  "__typename": "MediaPickerItem"
                },
                {
                  "url": "http://localhost/media/eb3ogqdq/skaermbillede-2023-04-17-kl-201540.png",
                  "properties": {
                    "umbracoWidth": {
                      "value": 0,
                      "model": "Label",
                      "__typename": "Label"
                    },
                    "umbracoHeight": {
                      "value": 0,
                      "model": "Label",
                      "__typename": "Label"
                    },
                    "umbracoBytes": {
                      "value": 0,
                      "model": "Label",
                      "__typename": "Label"
                    },
                    "umbracoExtension": {
                      "value": "",
                      "model": "Label",
                      "__typename": "Label"
                    },
                    "__typename": "Image"
                  },
                  "urlSegment": null,
                  "name": "Sk\u00E6rmbillede 2023 04 17 Kl. 20.15.40",
                  "id": 1139,
                  "key": "40e37a26-8570-47dd-b30a-a1bd391f603b",
                  "__typename": "MediaPickerItem"
                }
              ],
              "model": "MediaPicker",
              "__typename": "MediaPicker"
            },
            "multipleMediaPickerCulture": {
              "mediaItems": [
                {
                  "url": "http://localhost/media/oeklujof/skaermbillede-2023-04-17-kl-201527.png",
                  "properties": {
                    "umbracoWidth": {
                      "value": 0,
                      "model": "Label",
                      "__typename": "Label"
                    },
                    "umbracoHeight": {
                      "value": 0,
                      "model": "Label",
                      "__typename": "Label"
                    },
                    "umbracoBytes": {
                      "value": 0,
                      "model": "Label",
                      "__typename": "Label"
                    },
                    "umbracoExtension": {
                      "value": "",
                      "model": "Label",
                      "__typename": "Label"
                    },
                    "__typename": "Image"
                  },
                  "urlSegment": null,
                  "name": "Sk\u00E6rmbillede 2023 04 17 Kl. 20.15.27",
                  "id": 1138,
                  "key": "25ba1577-a0c5-4329-8f32-9e9abe4a6d2d",
                  "__typename": "MediaPickerItem"
                },
                {
                  "url": "http://localhost/media/eb3ogqdq/skaermbillede-2023-04-17-kl-201540.png",
                  "properties": {
                    "umbracoWidth": {
                      "value": 0,
                      "model": "Label",
                      "__typename": "Label"
                    },
                    "umbracoHeight": {
                      "value": 0,
                      "model": "Label",
                      "__typename": "Label"
                    },
                    "umbracoBytes": {
                      "value": 0,
                      "model": "Label",
                      "__typename": "Label"
                    },
                    "umbracoExtension": {
                      "value": "",
                      "model": "Label",
                      "__typename": "Label"
                    },
                    "__typename": "Image"
                  },
                  "urlSegment": null,
                  "name": "Sk\u00E6rmbillede 2023 04 17 Kl. 20.15.40",
                  "id": 1139,
                  "key": "40e37a26-8570-47dd-b30a-a1bd391f603b",
                  "__typename": "MediaPickerItem"
                }
              ],
              "model": "MediaPicker",
              "__typename": "MediaPicker"
            },
            "blockList": {
              "blocks": [],
              "model": "BlockList",
              "__typename": "BlockList"
            },
            "blockListCulture": {
              "blocks": [
                {
                  "contentAlias": "checkboxListEditor",
                  "settingsAlias": null,
                  "contentProperties": {
                    "checkboxList": {
                      "value": [
                        "3"
                      ],
                      "model": "DefaultProperty",
                      "__typename": "DefaultProperty"
                    },
                    "__typename": "CheckboxListEditor"
                  },
                  "settingsProperties": {
                    "__typename": "EmptyPropertyType"
                  },
                  "__typename": "BlockListItem"
                },
                {
                  "contentAlias": "colorPickerEditor",
                  "settingsAlias": null,
                  "contentProperties": {
                    "colorPicker": {
                      "value": {
                        "value": "f44336",
                        "label": "f44336"
                      },
                      "model": "DefaultProperty",
                      "__typename": "DefaultProperty"
                    },
                    "__typename": "ColorPickerEditor"
                  },
                  "settingsProperties": {
                    "__typename": "EmptyPropertyType"
                  },
                  "__typename": "BlockListItem"
                }
              ],
              "model": "BlockList",
              "__typename": "BlockList"
            },
            "memberGroupPicker": {
              "value": "",
              "model": "DefaultProperty",
              "__typename": "DefaultProperty"
            },
            "memberGroupPickerCulture": {
              "value": "",
              "model": "DefaultProperty",
              "__typename": "DefaultProperty"
            },
            "memberPicker": {
              "members": [],
              "model": "MemberPicker",
              "__typename": "MemberPicker"
            },
            "memberPickerCulture": {
              "members": [],
              "model": "MemberPicker",
              "__typename": "MemberPicker"
            },
            "multinodeTreepicker": {
              "items": [],
              "model": "ContentPicker",
              "__typename": "ContentPicker"
            },
            "multinodeTreepickerCulture": {
              "items": [],
              "model": "ContentPicker",
              "__typename": "ContentPicker"
            },
            "multiUrlPicker": {
              "links": [],
              "model": "MultiUrlPicker",
              "__typename": "MultiUrlPicker"
            },
            "multiUrlPickerCulture": {
              "links": [],
              "model": "MultiUrlPicker",
              "__typename": "MultiUrlPicker"
            },
            "numeric": {
              "value": 0,
              "model": "DefaultProperty",
              "__typename": "DefaultProperty"
            },
            "numericCulture": {
              "value": 0,
              "model": "DefaultProperty",
              "__typename": "DefaultProperty"
            },
            "radiobox": {
              "value": null,
              "model": "DefaultProperty",
              "__typename": "DefaultProperty"
            },
            "radioboxCulture": {
              "value": "2",
              "model": "DefaultProperty",
              "__typename": "DefaultProperty"
            },
            "checkboxList": {
              "value": [],
              "model": "DefaultProperty",
              "__typename": "DefaultProperty"
            },
            "checkboxListCulture": {
              "value": [
                "2"
              ],
              "model": "DefaultProperty",
              "__typename": "DefaultProperty"
            },
            "repeatableTextstrings": {
              "value": [],
              "model": "DefaultProperty",
              "__typename": "DefaultProperty"
            },
            "repeatableTextstringsCulture": {
              "value": [],
              "model": "DefaultProperty",
              "__typename": "DefaultProperty"
            },
            "richtext": {
              "value": "",
              "sourceValue": null,
              "model": "RichText",
              "__typename": "RichText"
            },
            "richtextCulture": {
              "value": "\\u003Cp\\u003Efasjfakjsdk\\u003C/p\\u003E",
              "sourceValue": "\\u003Cp\\u003Efasjfakjsdk\\u003C/p\\u003E",
              "model": "RichText",
              "__typename": "RichText"
            },
            "slider": {
              "value": 0,
              "model": "DefaultProperty",
              "__typename": "DefaultProperty"
            },
            "sliderCulture": {
              "value": 1,
              "model": "DefaultProperty",
              "__typename": "DefaultProperty"
            },
            "tags": {
              "value": [],
              "model": "DefaultProperty",
              "__typename": "DefaultProperty"
            },
            "tagsCulture": {
              "value": [
                "normal"
              ],
              "model": "DefaultProperty",
              "__typename": "DefaultProperty"
            },
            "textarea": {
              "value": "",
              "model": "DefaultProperty",
              "__typename": "DefaultProperty"
            },
            "textareaCulture": {
              "value": "asjkfklasl",
              "model": "DefaultProperty",
              "__typename": "DefaultProperty"
            },
            "textstring": {
              "value": "",
              "model": "DefaultProperty",
              "__typename": "DefaultProperty"
            },
            "textstringCulture": {
              "value": "en-us",
              "model": "DefaultProperty",
              "__typename": "DefaultProperty"
            },
            "trueOrFalse": {
              "value": false,
              "model": "DefaultProperty",
              "__typename": "DefaultProperty"
            },
            "trueOrFalseCulture": {
              "value": true,
              "model": "DefaultProperty",
              "__typename": "DefaultProperty"
            },
            "userPicker": {
              "value": 0,
              "model": "DefaultProperty",
              "__typename": "DefaultProperty"
            },
            "userPickerCulture": {
              "value": -1,
              "model": "DefaultProperty",
              "__typename": "DefaultProperty"
            },
            "colorPicker": {
              "value": null,
              "model": "DefaultProperty",
              "__typename": "DefaultProperty"
            },
            "colorPickerCulture": {
              "value": {
                "value": "f44336",
                "label": "f44336"
              },
              "model": "DefaultProperty",
              "__typename": "DefaultProperty"
            },
            "contentPicker": {
              "items": [],
              "model": "ContentPicker",
              "__typename": "ContentPicker"
            },
            "contentPickerCulture": {
              "items": [
                {
                  "url": "http://site-culture.com/",
                  "properties": {
                    "textstring": {
                      "value": "uncultured string",
                      "model": "DefaultProperty",
                      "__typename": "DefaultProperty"
                    },
                    "textstringCulture": {
                      "value": "en-us value",
                      "model": "DefaultProperty",
                      "__typename": "DefaultProperty"
                    },
                    "__typename": "SiteWithCulture"
                  },
                  "urlSegment": "site-with-culture",
                  "name": "Site with culture",
                  "id": 1151,
                  "key": "d0351e46-e0bf-4eaa-ad2b-57a45451097e",
                  "__typename": "ContentPickerItem"
                }
              ],
              "model": "ContentPicker",
              "__typename": "ContentPicker"
            },
            "decimal": {
              "value": 0,
              "model": "DefaultProperty",
              "__typename": "DefaultProperty"
            },
            "decimalCulture": {
              "value": 56,
              "model": "DefaultProperty",
              "__typename": "DefaultProperty"
            },
            "dropdown": {
              "value": "",
              "model": "DefaultProperty",
              "__typename": "DefaultProperty"
            },
            "dropdownCulture": {
              "value": "Andy",
              "model": "DefaultProperty",
              "__typename": "DefaultProperty"
            },
            "emailAddress": {
              "value": "",
              "model": "DefaultProperty",
              "__typename": "DefaultProperty"
            },
            "emailAddressCulture": {
              "value": "mail@mail.com",
              "model": "DefaultProperty",
              "__typename": "DefaultProperty"
            },
            "__typename": "DefaultCulture"
          },
          "urlSegment": "filledpage-3",
          "name": "FilledPage (3)",
          "id": 1168,
          "key": "d3e14e34-13bd-4ed6-84ba-e2c6836b9403",
          "templateId": null,
          "parent": {
            "url": "https://site-culture.com/",
            "properties": {
              "textstring": {
                "value": "uncultured string",
                "model": "DefaultProperty",
                "__typename": "DefaultProperty"
              },
              "textstringCulture": {
                "value": "en-us value",
                "model": "DefaultProperty",
                "__typename": "DefaultProperty"
              },
              "__typename": "SiteWithCulture"
            },
            "urlSegment": "site-with-culture",
            "name": "Site with culture",
            "id": 1151,
            "key": "d0351e46-e0bf-4eaa-ad2b-57a45451097e",
            "templateId": null
          },
          "__typename": "ContentItem"
        }
      ],
      "page": 1,
      "pageSize": 10,
      "totalItems": 2,
      "hasNextPage": false
    }
  }
}